2026-08-30 12:11:59 Shard 0/10 ya vA­lido; se conserva.
2026-08-30 12:11:59 Shard 1/10 ya vA­lido; se conserva.
2026-08-30 12:11:59 Shard 2/10 ya vA­lido; se conserva.
2026-08-30 12:11:59 Shard 3/10 ya vA­lido; se conserva.
2026-08-30 12:11:59 Shard 4/10 ya vA­lido; se conserva.
2026-08-30 12:11:59 Shard 5/10 ya vA­lido; se conserva.
2026-08-30 12:11:59 Shard 6/10 ya vA­lido; se conserva.
2026-08-30 12:11:59 Shard 7/10 ya vA­lido; se conserva.
2026-08-30 12:11:59 Shard 8/10 ya vA­lido; se conserva.
2026-08-30 12:11:59 Shard 9/10 ya vA­lido; se conserva.
2026-08-30 12:11:59 Uniendo shards y construyendo semillas validadas.
{"candidate_sources": 963, "identity_verified_sites": 302, "reconciled_municipalities": 345, "records": 345, "sinim_selector_count": 345, "sinim_web_fields": 345, "states": {"sinim_seed_identity_unverified": 9, "sinim_seed_unreachable": 34, "verified_candidate_found": 192, "verified_site_no_candidate": 110}}
SINIM EXTRACTION SEEDS {"candidate_sources_selected": 963, "excluded_states": {"sinim_seed_identity_unverified": 9, "sinim_seed_unreachable": 34, "verified_site_no_candidate": 110}, "municipalities_excluded": 153, "municipalities_selected": 192}
2026-08-30 12:12:00 Discovery SINIM completo; iniciando extracciA3n documental en shards.
2026-08-30 12:12:00 ExtracciA3n shard 0/10 ya vA­lida; se conserva.
2026-08-30 12:12:00 ExtracciA3n shard 1/10 ya vA­lida; se conserva.
2026-08-30 12:12:00 ExtracciA3n shard 2/10 ya vA­lida; se conserva.
2026-08-30 12:12:00 ExtracciA3n shard 3/10 ya vA­lida; se conserva.
2026-08-30 12:12:00 ExtracciA3n shard 4/10 ya vA­lida; se conserva.
2026-08-30 12:12:00 ExtracciA3n shard 5/10 ya vA­lida; se conserva.
2026-08-30 12:12:00 ExtracciA3n shard 6/10 ya vA­lida; se conserva.
2026-08-30 12:12:00 ExtracciA3n shard 7/10 ya vA­lida; se conserva.
2026-08-30 12:12:00 ExtracciA3n shard 8/10 ya vA­lida; se conserva.
2026-08-30 12:12:00 ExtracciA3n shard 9/10 ya vA­lida; se conserva.
{"municipalities": 192, "scope_guards_triggered": 0, "scope_rejected_links": 4036, "sources_attempted": 963, "sources_listing_exhausted": 861, "unique_verified_pdfs": 1172, "unresolved_document_links": 452, "verification_status": {"blocked_or_missing": 422, "not_pdf": 28, "request_error": 2, "verified_pdf": 2344}}
